// Jest Snapshot v1, https://goo.gl/fbAQLP

exports[`RegisterForm component renders the form 1`] = `
<form
  className="auth-form"
  onSubmit={[Function]}
>
  <div
    className="auth-form__input-holder"
  >
    <label
      htmlFor="auth-form__user-name-input"
    >
      User name
    </label>
    <input
      id="auth-form__user-name-input"
      name="user_name"
      required={true}
    />
  </div>
  <div
    className="auth-form__input-holder"
  >
    <label
      htmlFor="auth-form__password"
    >
      Password
    </label>
    <input
      className="auth-form__password-input"
      id="auth-form__password"
      name="password"
      placeholder="At least 6 characters"
      required={true}
      type="password"
    />
  </div>
  <div
    className="auth-form__input-holder"
  >
    <label
      htmlFor="auth-form__password-reenter"
    >
      Re-enter password
    </label>
    <input
      className="auth-form__password-reenter-input"
      id="auth-form__password-reenter"
      name="password_reenter"
      required={true}
      type="password"
    />
  </div>
  <button
    className="auth-form__auth-button"
    type="submit"
  >
    Register
  </button>
  <div
    className="auth-form__register-holder"
  >
    <span>
      Already registered?
    </span>
  </div>
  <Link
    replace={false}
    to="/login"
  >
    Log in
  </Link>
</form>
`;
